
Memory Configuration

Name             Origin             Length             Attributes
flash            0x00000000         0x00008000
ram              0x10000000         0x00002000
*default*        0x00000000         0xffffffff

Linker script and memory map

LOAD init.o
LOAD main.o
LOAD C:\Program Files\arm_sdk\lib\gcc\arm-none-eabi\4.8.3\armv6-m\libgcc.a
                0x00000000                . = ORIGIN (flash)

.text           0x00000000      0x448
 *(.vectors)
 .vectors       0x00000000       0xc0 init.o
                0x00000000                Vectors
 *(.text)
 .text          0x000000c0       0xcc init.o
                0x000000c0                clock_init
                0x0000010c                init
                0x00000184                Default_Handler
 .text          0x0000018c      0x2bc main.o
                0x0000018c                SysTick
                0x00000194                ConfigPins
                0x000001f8                initUART
                0x000002ac                delay
                0x000002c8                eputc
                0x000002f8                printString
                0x00000320                HexDigit
                0x00000360                printInteger
                0x000003bc                ReadADC
                0x000003f4                main

.glue_7         0x00000448        0x0
 .glue_7        0x00000000        0x0 linker stubs

.glue_7t        0x00000448        0x0
 .glue_7t       0x00000000        0x0 linker stubs

.vfp11_veneer   0x00000448        0x0
 .vfp11_veneer  0x00000000        0x0 linker stubs

.v4_bx          0x00000448        0x0
 .v4_bx         0x00000000        0x0 linker stubs

.iplt           0x00000448        0x0
 .iplt          0x00000000        0x0 init.o

.rel.dyn        0x00000448        0x0
 .rel.iplt      0x00000000        0x0 init.o

.rodata         0x00000448       0x30
 .rodata        0x00000448       0x30 main.o
                0x10000000                . = ORIGIN (ram)

.data           0x10000000        0x0 load address 0x00000478
                0x00000478                INIT_DATA_VALUES = LOADADDR (.data)
                0x10000000                INIT_DATA_START = .
 *(.data)
 .data          0x10000000        0x0 init.o
 .data          0x10000000        0x0 main.o
                0x10000000                INIT_DATA_END = .
                0x10000000                BSS_START = .

.igot.plt       0x10000000        0x0 load address 0x00000478
 .igot.plt      0x00000000        0x0 init.o

.bss            0x10000000        0x0 load address 0x00000478
 *(.bss)
 .bss           0x10000000        0x0 init.o
 .bss           0x10000000        0x0 main.o
                0x10000000                BSS_END = .
OUTPUT(main.elf elf32-littlearm)

.debug_info     0x00000000      0x2ba
 .debug_info    0x00000000      0x116 init.o
 .debug_info    0x00000116      0x1a4 main.o

.debug_abbrev   0x00000000      0x217
 .debug_abbrev  0x00000000       0xe8 init.o
 .debug_abbrev  0x000000e8      0x12f main.o

.debug_aranges  0x00000000       0x40
 .debug_aranges
                0x00000000       0x20 init.o
 .debug_aranges
                0x00000020       0x20 main.o

.debug_line     0x00000000      0x11f
 .debug_line    0x00000000       0x5b init.o
 .debug_line    0x0000005b       0xc4 main.o

.debug_str      0x00000000      0x1c9
 .debug_str     0x00000000      0x14e init.o
                                0x153 (size before relaxing)
 .debug_str     0x0000014e       0x7b main.o
                                0x157 (size before relaxing)

.comment        0x00000000       0x70
 .comment       0x00000000       0x70 init.o
                                 0x71 (size before relaxing)
 .comment       0x00000000       0x71 main.o

.ARM.attributes
                0x00000000       0x31
 .ARM.attributes
                0x00000000       0x31 init.o
 .ARM.attributes
                0x00000031       0x31 main.o

.debug_frame    0x00000000      0x1a8
 .debug_frame   0x00000000       0x68 init.o
 .debug_frame   0x00000068      0x140 main.o

Cross Reference Table

Symbol                                            File
BSS_END                                           init.o
BSS_START                                         init.o
ConfigPins                                        main.o
Default_Handler                                   init.o
HexDigit                                          main.o
INIT_DATA_END                                     init.o
INIT_DATA_START                                   init.o
INIT_DATA_VALUES                                  init.o
ReadADC                                           main.o
SysTick                                           main.o
                                                  init.o
Vectors                                           init.o
clock_init                                        init.o
delay                                             main.o
eputc                                             main.o
init                                              init.o
initUART                                          main.o
main                                              main.o
                                                  init.o
printInteger                                      main.o
printString                                       main.o
