Archive member included because of file (symbol)

/usr/local/gcc-arm-none-eabi/lib/gcc/arm-none-eabi/4.8.3/armv6-m//libgcc.a(_divsi3.o)
                              main.o (__aeabi_idiv)
/usr/local/gcc-arm-none-eabi/lib/gcc/arm-none-eabi/4.8.3/armv6-m//libgcc.a(_dvmd_tls.o)
                              /usr/local/gcc-arm-none-eabi/lib/gcc/arm-none-eabi/4.8.3/armv6-m//libgcc.a(_divsi3.o) (__aeabi_idiv0)

Allocating common symbols
Common symbol       size              file

DisplayMemory       0x10              main.o

Memory Configuration

Name             Origin             Length             Attributes
flash            0x00000000         0x00008000
ram              0x10000000         0x00002000
*default*        0x00000000         0xffffffff

Linker script and memory map

LOAD init.o
LOAD main.o
LOAD /usr/local/gcc-arm-none-eabi/lib/gcc/arm-none-eabi/4.8.3/armv6-m//libgcc.a
                0x00000000                . = ORIGIN (flash)

.text           0x00000000      0x430
 *(.vectors)
 .vectors       0x00000000       0xc0 init.o
                0x00000000                Vectors
 *(.text)
 .text          0x000000c0       0xcc init.o
                0x000000c0                clock_init
                0x0000010c                init
                0x00000184                Default_Handler
 .text          0x0000018c      0x1e0 main.o
                0x0000018c                delay
                0x000001a8                DisplayNumber
                0x00000250                RefreshDisplay
                0x000002dc                ConfigPins
                0x00000338                main
 .text          0x0000036c       0xc0 /usr/local/gcc-arm-none-eabi/lib/gcc/arm-none-eabi/4.8.3/armv6-m//libgcc.a(_divsi3.o)
                0x0000036c                __aeabi_idiv
                0x0000036c                __divsi3
                0x00000418                __aeabi_idivmod
 .text          0x0000042c        0x4 /usr/local/gcc-arm-none-eabi/lib/gcc/arm-none-eabi/4.8.3/armv6-m//libgcc.a(_dvmd_tls.o)
                0x0000042c                __aeabi_ldiv0
                0x0000042c                __aeabi_idiv0

.glue_7         0x00000430        0x0
 .glue_7        0x00000000        0x0 linker stubs

.glue_7t        0x00000430        0x0
 .glue_7t       0x00000000        0x0 linker stubs

.vfp11_veneer   0x00000430        0x0
 .vfp11_veneer  0x00000000        0x0 linker stubs

.v4_bx          0x00000430        0x0
 .v4_bx         0x00000000        0x0 linker stubs

.iplt           0x00000430        0x0
 .iplt          0x00000000        0x0 init.o

.rel.dyn        0x00000430        0x0
 .rel.iplt      0x00000000        0x0 init.o

.rodata         0x00000430       0x14
 .rodata        0x00000430       0x14 main.o
                0x00000430                digits
                0x10000000                . = ORIGIN (ram)

.data           0x10000000        0x0 load address 0x00000444
                0x00000444                INIT_DATA_VALUES = LOADADDR (.data)
                0x10000000                INIT_DATA_START = .
 *(.data)
 .data          0x10000000        0x0 init.o
 .data          0x10000000        0x0 main.o
 .data          0x10000000        0x0 /usr/local/gcc-arm-none-eabi/lib/gcc/arm-none-eabi/4.8.3/armv6-m//libgcc.a(_divsi3.o)
 .data          0x10000000        0x0 /usr/local/gcc-arm-none-eabi/lib/gcc/arm-none-eabi/4.8.3/armv6-m//libgcc.a(_dvmd_tls.o)
                0x10000000                INIT_DATA_END = .
                0x10000000                BSS_START = .

.igot.plt       0x10000000        0x0 load address 0x00000444
 .igot.plt      0x00000000        0x0 init.o

.bss            0x10000000       0x10 load address 0x00000444
 *(.bss)
 .bss           0x10000000        0x0 init.o
 .bss           0x10000000        0x0 main.o
 .bss           0x10000000        0x0 /usr/local/gcc-arm-none-eabi/lib/gcc/arm-none-eabi/4.8.3/armv6-m//libgcc.a(_divsi3.o)
 .bss           0x10000000        0x0 /usr/local/gcc-arm-none-eabi/lib/gcc/arm-none-eabi/4.8.3/armv6-m//libgcc.a(_dvmd_tls.o)
 COMMON         0x10000000       0x10 main.o
                0x10000000                DisplayMemory
                0x10000010                BSS_END = .
OUTPUT(main.elf elf32-littlearm)

.debug_info     0x00000000      0x228
 .debug_info    0x00000000      0x116 init.o
 .debug_info    0x00000116      0x112 main.o

.debug_abbrev   0x00000000      0x1e5
 .debug_abbrev  0x00000000       0xe8 init.o
 .debug_abbrev  0x000000e8       0xfd main.o

.debug_aranges  0x00000000       0x40
 .debug_aranges
                0x00000000       0x20 init.o
 .debug_aranges
                0x00000020       0x20 main.o

.debug_line     0x00000000       0xc2
 .debug_line    0x00000000       0x5b init.o
 .debug_line    0x0000005b       0x67 main.o

.debug_str      0x00000000      0x18f
 .debug_str     0x00000000      0x13b init.o
                                0x140 (size before relaxing)
 .debug_str     0x0000013b       0x54 main.o
                                0x10b (size before relaxing)

.comment        0x00000000       0x70
 .comment       0x00000000       0x70 init.o
                                 0x71 (size before relaxing)
 .comment       0x00000000       0x71 main.o

.ARM.attributes
                0x00000000       0x31
 .ARM.attributes
                0x00000000       0x31 init.o
 .ARM.attributes
                0x00000031       0x31 main.o
 .ARM.attributes
                0x00000062       0x1e /usr/local/gcc-arm-none-eabi/lib/gcc/arm-none-eabi/4.8.3/armv6-m//libgcc.a(_divsi3.o)
 .ARM.attributes
                0x00000080       0x1e /usr/local/gcc-arm-none-eabi/lib/gcc/arm-none-eabi/4.8.3/armv6-m//libgcc.a(_dvmd_tls.o)

.debug_frame    0x00000000      0x130
 .debug_frame   0x00000000       0x68 init.o
 .debug_frame   0x00000068       0xa8 main.o
 .debug_frame   0x00000110       0x20 /usr/local/gcc-arm-none-eabi/lib/gcc/arm-none-eabi/4.8.3/armv6-m//libgcc.a(_divsi3.o)

Cross Reference Table

Symbol                                            File
BSS_END                                           init.o
BSS_START                                         init.o
ConfigPins                                        main.o
Default_Handler                                   init.o
DisplayMemory                                     main.o
DisplayNumber                                     main.o
INIT_DATA_END                                     init.o
INIT_DATA_START                                   init.o
INIT_DATA_VALUES                                  init.o
RefreshDisplay                                    main.o
Vectors                                           init.o
__aeabi_idiv                                      /usr/local/gcc-arm-none-eabi/lib/gcc/arm-none-eabi/4.8.3/armv6-m//libgcc.a(_divsi3.o)
                                                  main.o
__aeabi_idiv0                                     /usr/local/gcc-arm-none-eabi/lib/gcc/arm-none-eabi/4.8.3/armv6-m//libgcc.a(_dvmd_tls.o)
                                                  /usr/local/gcc-arm-none-eabi/lib/gcc/arm-none-eabi/4.8.3/armv6-m//libgcc.a(_divsi3.o)
__aeabi_idivmod                                   /usr/local/gcc-arm-none-eabi/lib/gcc/arm-none-eabi/4.8.3/armv6-m//libgcc.a(_divsi3.o)
                                                  main.o
__aeabi_ldiv0                                     /usr/local/gcc-arm-none-eabi/lib/gcc/arm-none-eabi/4.8.3/armv6-m//libgcc.a(_dvmd_tls.o)
__divsi3                                          /usr/local/gcc-arm-none-eabi/lib/gcc/arm-none-eabi/4.8.3/armv6-m//libgcc.a(_divsi3.o)
clock_init                                        init.o
delay                                             main.o
digits                                            main.o
init                                              init.o
main                                              main.o
                                                  init.o
